// Jest Snapshot v1, https://goo.gl/fbAQLP

exports[`<Search /> should match snapshot 1`] = `
<div
  class="search-container"
>
  <input
    class="text-input"
    placeholder="Type of search"
    type="search"
    value=""
  />
</div>
`;
