// Jest Snapshot v1, https://goo.gl/fbAQLP

exports[`Test component Button should match snapshot 1`] = `
<button
  class="button"
>
  load more
</button>
`;
